<html>
<body>
<pre>
<h1>µVision Build Log</h1>
<h2>Tool Versions:</h2>
IDE-Version: µVision V5.34.0.0
Copyright (C) 2021 ARM Ltd and ARM Germany GmbH. All rights reserved.
License Information: Daniel A, INSA, LIC=----
 
Tool Versions:
Toolchain:       MDK-Lite  Version: 5.34.0.0
Toolchain Path:  C:\Keil_v5\ARM\ARMCC\Bin
C Compiler:      Armcc.exe V5.06 update 7 (build 960)
Assembler:       Armasm.exe V5.06 update 7 (build 960)
Linker/Locator:  ArmLink.exe V5.06 update 7 (build 960)
Library Manager: ArmAr.exe V5.06 update 7 (build 960)
Hex Converter:   FromElf.exe V5.06 update 7 (build 960)
CPU DLL:         SARMCM3.DLL V5.34.0.0
Dialog DLL:      DARMSTM.DLL V1.68.0.0
Target DLL:      UL2CM3.DLL V1.163.9.0
Dialog DLL:      TCM.DLL V1.48.0.0
 
<h2>Project:</h2>
C:\Users\danie\Documents\uC_project\Project2\Project2.uvprojx
Project File Date:  11/27/2023

<h2>Output:</h2>
*** Using Compiler 'V5.06 update 7 (build 960)', folder: 'C:\Keil_v5\ARM\ARMCC\Bin'
Build target 'test'
Note: source file '.\Application\Main.c' - object file renamed from '.\Objects\Main.o' to '.\Objects\main_1.o'.
compiling MYPLATEAU.c...
Services\Source\../Include/MYPLATEAU.h(6): warning:  #1295-D: Deprecated declaration PLAT_Init - give arg types
  void PLAT_Init();
Services\Source\../Include/MYPLATEAU.h(9): warning:  #1-D: last line of file ends without a newline
  #endif
Services\Source\../../Drivers/Include/MYTimer.h(19): warning:  #1-D: last line of file ends without a newline
  #endif
Services\Source\MYPLATEAU.c(25): warning:  #1-D: last line of file ends without a newline
  }
Services\Source\MYPLATEAU.c: 4 warnings, 0 errors
compiling system_stm32f10x.c...
compiling MYTimer.c...
..\TP2\Drivers\Source\../Include/MYTimer.h(19): warning:  #1-D: last line of file ends without a newline
  #endif
..\TP2\Drivers\Source\MYTimer.c(132): warning:  #1-D: last line of file ends without a newline
  	
..\TP2\Drivers\Source\MYTimer.c: 2 warnings, 0 errors
compiling USART.c...
Drivers\Source\../Include/USART.h(10): warning:  #1295-D: Deprecated declaration get_command - give arg types
  signed char get_command();
Drivers\Source\../Include/USART.h(12): warning:  #1-D: last line of file ends without a newline
  #endif
Drivers\Source\USART.c(58): warning:  #1-D: last line of file ends without a newline
  }
Drivers\Source\USART.c: 3 warnings, 0 errors
linking...
Program Size: Code=1604 RO-data=276 RW-data=20 ZI-data=1028  
".\Objects\Project2_test.axf" - 0 Error(s), 9 Warning(s).

<h2>Software Packages used:</h2>

Package Vendor: ARM
                http://www.keil.com/pack/ARM.CMSIS.5.7.0.pack
                ARM.CMSIS.5.7.0
                CMSIS (Cortex Microcontroller Software Interface Standard)
   * Component: CORE Version: 5.4.0

Package Vendor: Keil
                https://www.keil.com/pack/Keil.STM32F1xx_DFP.2.4.1.pack
                Keil.STM32F1xx_DFP.2.4.1
                STMicroelectronics STM32F1 Series Device Support, Drivers and Examples
   * Component: Startup Version: 1.0.0

<h2>Collection of Component include folders:</h2>
  .\RTE\Device\STM32F103RB
  .\RTE\_test
  C:\Users\danie\AppData\Local\Arm\Packs\ARM\CMSIS\5.7.0\CMSIS\Core\Include
  C:\Users\danie\AppData\Local\Arm\Packs\Keil\STM32F1xx_DFP\2.4.1\Device\Include

<h2>Collection of Component Files used:</h2>

   * Component: ARM::CMSIS:CORE:5.4.0

   * Component: Keil::Device:Startup:1.0.0
      Include file:  RTE_Driver\Config\RTE_Device.h
      Source file:   Device\Source\ARM\startup_stm32f10x_md.s
      Source file:   Device\Source\system_stm32f10x.c
      Source file:   Device\Source\ARM\STM32F1xx_OPT.s
Build Time Elapsed:  00:00:01
</pre>
</body>
</html>
