Component: ARM Compiler 5.06 update 7 (build 960) Tool: armlink [4d3601]

==============================================================================

Section Cross References

    main.o(i.main) refers to myplateau.o(i.PLAT_Init) for PLAT_Init
    main.o(i.main) refers to girouette.o(i.gir_init) for gir_init
    main.o(i.main) refers to myplateau.o(i.PLAT_Update) for PLAT_Update
    myplateau.o(i.PLAT_Init) refers to usart.o(i.USART_Init_RX) for USART_Init_RX
    myplateau.o(i.PLAT_Init) refers to usart.o(i.USART_RX_IRQ_Init) for USART_RX_IRQ_Init
    myplateau.o(i.PLAT_Init) refers to mygpio.o(i.MyGPIO_Init) for MyGPIO_Init
    myplateau.o(i.PLAT_Init) refers to mytimer.o(i.MyTimer_Base_Init) for MyTimer_Base_Init
    myplateau.o(i.PLAT_Init) refers to mytimer.o(i.MyTimer_PWM_Init) for MyTimer_PWM_Init
    myplateau.o(i.PLAT_Init) refers to myplateau.o(.constdata) for .constdata
    myplateau.o(i.PLAT_Turn) refers to mygpio.o(i.MyGPIO_Reset) for MyGPIO_Reset
    myplateau.o(i.PLAT_Turn) refers to mygpio.o(i.MyGPIO_Set) for MyGPIO_Set
    myplateau.o(i.PLAT_Turn) refers to mytimer.o(i.MyTimer_PWM_DutyCycle) for MyTimer_PWM_DutyCycle
    myplateau.o(i.PLAT_Update) refers to usart.o(i.get_command) for get_command
    myplateau.o(i.PLAT_Update) refers to myplateau.o(i.PLAT_Turn) for PLAT_Turn
    girouette.o(i.gir_init) refers to mygpio.o(i.MyGPIO_Init) for MyGPIO_Init
    girouette.o(i.gir_init) refers to mygpio.o(i.MyGPIO_Read) for MyGPIO_Read
    girouette.o(i.gir_init) refers to mytimer.o(i.TIM_encode) for TIM_encode
    girouette.o(i.gir_init) refers to girouette.o(i.pwm_voilier) for pwm_voilier
    girouette.o(i.gir_init) refers to girouette.o(.constdata) for .constdata
    girouette.o(i.gir_init) refers to girouette.o(.data) for flag
    girouette.o(i.gir_srvomoteur) refers to girouette.o(i.readEncoderValue3) for readEncoderValue3
    girouette.o(i.gir_srvomoteur) refers to mytimer.o(i.MyTimer_PWM_DutyCycle) for MyTimer_PWM_DutyCycle
    girouette.o(i.gir_srvomoteur) refers to girouette.o(.data) for angle_gr
    girouette.o(i.pwm_voilier) refers to mygpio.o(i.MyGPIO_Init) for MyGPIO_Init
    girouette.o(i.pwm_voilier) refers to mytimer.o(i.MyTimer_PWM_Init) for MyTimer_PWM_Init
    girouette.o(i.pwm_voilier) refers to mytimer.o(i.MyTimer_Base_Init) for MyTimer_Base_Init
    girouette.o(i.pwm_voilier) refers to girouette.o(i.gir_srvomoteur) for gir_srvomoteur
    girouette.o(i.pwm_voilier) refers to girouette.o(.constdata) for .constdata
    usart.o(i.USART2_IRQHandler) refers to usart.o(.data) for command
    usart.o(i.USART3_IRQHandler) refers to usart.o(.data) for command
    usart.o(i.USART_Init) refers to mygpio.o(i.MyGPIO_Init) for MyGPIO_Init
    usart.o(i.USART_Init_RX) refers to usart.o(i.USART_Init) for USART_Init
    usart.o(i.USART_Init_TX) refers to usart.o(i.USART_Init) for USART_Init
    usart.o(i.get_command) refers to usart.o(.data) for command
    mytimer.o(i.MyTimer_ActiveIT) refers to mytimer.o(.data) for TIM1_pnt_fun
    mytimer.o(i.TIM1_IRQHandler) refers to mytimer.o(.data) for TIM1_pnt_fun
    mytimer.o(i.TIM2_IRQHandler) refers to mytimer.o(.data) for TIM2_pnt_fun
    mytimer.o(i.TIM3_IRQHandler) refers to mytimer.o(.data) for TIM3_pnt_fun
    mytimer.o(i.TIM4_IRQHandler) refers to mytimer.o(.data) for TIM4_pnt_fun
    mytimer.o(i.TIM_encode) refers to mytimer.o(i.MyTimer_Base_Init) for MyTimer_Base_Init
    startup_stm32f10x_md.o(RESET) refers to startup_stm32f10x_md.o(STACK) for __initial_sp
    startup_stm32f10x_md.o(RESET) refers to startup_stm32f10x_md.o(.text) for Reset_Handler
    startup_stm32f10x_md.o(RESET) refers to mytimer.o(i.TIM2_IRQHandler) for TIM2_IRQHandler
    startup_stm32f10x_md.o(RESET) refers to mytimer.o(i.TIM3_IRQHandler) for TIM3_IRQHandler
    startup_stm32f10x_md.o(RESET) refers to mytimer.o(i.TIM4_IRQHandler) for TIM4_IRQHandler
    startup_stm32f10x_md.o(RESET) refers to usart.o(i.USART2_IRQHandler) for USART2_IRQHandler
    startup_stm32f10x_md.o(RESET) refers to usart.o(i.USART3_IRQHandler) for USART3_IRQHandler
    startup_stm32f10x_md.o(.text) refers to system_stm32f10x.o(i.SystemInit) for SystemInit
    startup_stm32f10x_md.o(.text) refers to entry.o(.ARM.Collect$$$$00000000) for __main
    system_stm32f10x.o(i.SetSysClock) refers to system_stm32f10x.o(i.SetSysClockTo72) for SetSysClockTo72
    system_stm32f10x.o(i.SystemCoreClockUpdate) refers to system_stm32f10x.o(.data) for SystemCoreClock
    system_stm32f10x.o(i.SystemInit) refers to system_stm32f10x.o(i.SetSysClock) for SetSysClock
    entry.o(.ARM.Collect$$$$00000000) refers (Special) to entry10a.o(.ARM.Collect$$$$0000000F) for __rt_final_cpp
    entry.o(.ARM.Collect$$$$00000000) refers (Special) to entry11a.o(.ARM.Collect$$$$00000011) for __rt_final_exit
    entry.o(.ARM.Collect$$$$00000000) refers (Special) to entry12b.o(.ARM.Collect$$$$0000000E) for __rt_lib_shutdown_fini
    entry.o(.ARM.Collect$$$$00000000) refers (Special) to entry7b.o(.ARM.Collect$$$$00000008) for _main_clock
    entry.o(.ARM.Collect$$$$00000000) refers (Special) to entry8b.o(.ARM.Collect$$$$0000000A) for _main_cpp_init
    entry.o(.ARM.Collect$$$$00000000) refers (Special) to entry9a.o(.ARM.Collect$$$$0000000B) for _main_init
    entry.o(.ARM.Collect$$$$00000000) refers (Special) to entry5.o(.ARM.Collect$$$$00000004) for _main_scatterload
    entry.o(.ARM.Collect$$$$00000000) refers (Special) to entry2.o(.ARM.Collect$$$$00000001) for _main_stk
    entry2.o(.ARM.Collect$$$$00000001) refers to entry2.o(.ARM.Collect$$$$00002712) for __lit__00000000
    entry2.o(.ARM.Collect$$$$00002712) refers to startup_stm32f10x_md.o(STACK) for __initial_sp
    entry2.o(__vectab_stack_and_reset_area) refers to startup_stm32f10x_md.o(STACK) for __initial_sp
    entry2.o(__vectab_stack_and_reset_area) refers to entry.o(.ARM.Collect$$$$00000000) for __main
    entry5.o(.ARM.Collect$$$$00000004) refers to init.o(.text) for __scatterload
    entry9a.o(.ARM.Collect$$$$0000000B) refers to main.o(i.main) for main
    entry9b.o(.ARM.Collect$$$$0000000C) refers to main.o(i.main) for main
    init.o(.text) refers to entry5.o(.ARM.Collect$$$$00000004) for __main_after_scatterload


==============================================================================

Removing Unused input sections from the image.

    Removing main.o(.rev16_text), (4 bytes).
    Removing main.o(.revsh_text), (4 bytes).
    Removing main.o(.rrx_text), (6 bytes).
    Removing myplateau.o(.rev16_text), (4 bytes).
    Removing myplateau.o(.revsh_text), (4 bytes).
    Removing myplateau.o(.rrx_text), (6 bytes).
    Removing girouette.o(.rev16_text), (4 bytes).
    Removing girouette.o(.revsh_text), (4 bytes).
    Removing girouette.o(.rrx_text), (6 bytes).
    Removing usart.o(.rev16_text), (4 bytes).
    Removing usart.o(.revsh_text), (4 bytes).
    Removing usart.o(.rrx_text), (6 bytes).
    Removing usart.o(i.USART_Init_TX), (20 bytes).
    Removing mygpio.o(.rev16_text), (4 bytes).
    Removing mygpio.o(.revsh_text), (4 bytes).
    Removing mygpio.o(.rrx_text), (6 bytes).
    Removing mygpio.o(i.MyGPIO_Toggle), (34 bytes).
    Removing mytimer.o(.rev16_text), (4 bytes).
    Removing mytimer.o(.revsh_text), (4 bytes).
    Removing mytimer.o(.rrx_text), (6 bytes).
    Removing mytimer.o(i.MyTimer_ActiveIT), (216 bytes).
    Removing mytimer.o(i.TIM1_IRQHandler), (32 bytes).
    Removing myadc.o(.rev16_text), (4 bytes).
    Removing myadc.o(.revsh_text), (4 bytes).
    Removing myadc.o(.rrx_text), (6 bytes).
    Removing myadc.o(i.ADC_Value), (28 bytes).
    Removing myadc.o(i.start_ADC), (92 bytes).
    Removing startup_stm32f10x_md.o(HEAP), (512 bytes).
    Removing system_stm32f10x.o(.rev16_text), (4 bytes).
    Removing system_stm32f10x.o(.revsh_text), (4 bytes).
    Removing system_stm32f10x.o(.rrx_text), (6 bytes).
    Removing system_stm32f10x.o(i.SystemCoreClockUpdate), (164 bytes).
    Removing system_stm32f10x.o(.data), (20 bytes).

33 unused section(s) (total 1230 bytes) removed from the image.

==============================================================================

Image Symbol Table

    Local Symbols

    Symbol Name                              Value     Ov Type        Size  Object(Section)

    ../clib/microlib/init/entry.s            0x00000000   Number         0  entry9b.o ABSOLUTE
    ../clib/microlib/init/entry.s            0x00000000   Number         0  entry9a.o ABSOLUTE
    ../clib/microlib/init/entry.s            0x00000000   Number         0  entry8b.o ABSOLUTE
    ../clib/microlib/init/entry.s            0x00000000   Number         0  entry8a.o ABSOLUTE
    ../clib/microlib/init/entry.s            0x00000000   Number         0  entry7b.o ABSOLUTE
    ../clib/microlib/init/entry.s            0x00000000   Number         0  entry7a.o ABSOLUTE
    ../clib/microlib/init/entry.s            0x00000000   Number         0  entry5.o ABSOLUTE
    ../clib/microlib/init/entry.s            0x00000000   Number         0  entry2.o ABSOLUTE
    ../clib/microlib/init/entry.s            0x00000000   Number         0  entry11a.o ABSOLUTE
    ../clib/microlib/init/entry.s            0x00000000   Number         0  entry12b.o ABSOLUTE
    ../clib/microlib/init/entry.s            0x00000000   Number         0  entry12a.o ABSOLUTE
    ../clib/microlib/init/entry.s            0x00000000   Number         0  entry11b.o ABSOLUTE
    ../clib/microlib/init/entry.s            0x00000000   Number         0  entry10b.o ABSOLUTE
    ../clib/microlib/init/entry.s            0x00000000   Number         0  entry.o ABSOLUTE
    ../clib/microlib/init/entry.s            0x00000000   Number         0  entry10a.o ABSOLUTE
    Application\Main.c                       0x00000000   Number         0  main.o ABSOLUTE
    Application\\Main.c                      0x00000000   Number         0  main.o ABSOLUTE
    Drivers\Source\MYADC.c                   0x00000000   Number         0  myadc.o ABSOLUTE
    Drivers\Source\MYGPIO.c                  0x00000000   Number         0  mygpio.o ABSOLUTE
    Drivers\Source\MYTimer.c                 0x00000000   Number         0  mytimer.o ABSOLUTE
    Drivers\Source\USART.c                   0x00000000   Number         0  usart.o ABSOLUTE
    Drivers\\Source\\MYADC.c                 0x00000000   Number         0  myadc.o ABSOLUTE
    Drivers\\Source\\MYGPIO.c                0x00000000   Number         0  mygpio.o ABSOLUTE
    Drivers\\Source\\MYTimer.c               0x00000000   Number         0  mytimer.o ABSOLUTE
    Drivers\\Source\\USART.c                 0x00000000   Number         0  usart.o ABSOLUTE
    RTE/Device/STM32F103RB/startup_stm32f10x_md.s 0x00000000   Number         0  startup_stm32f10x_md.o ABSOLUTE
    RTE/Device/STM32F103RB/system_stm32f10x.c 0x00000000   Number         0  system_stm32f10x.o ABSOLUTE
    RTE\Device\STM32F103RB\system_stm32f10x.c 0x00000000   Number         0  system_stm32f10x.o ABSOLUTE
    Services\Source\MYPLATEAU.c              0x00000000   Number         0  myplateau.o ABSOLUTE
    Services\Source\girouette.c              0x00000000   Number         0  girouette.o ABSOLUTE
    Services\\Source\\MYPLATEAU.c            0x00000000   Number         0  myplateau.o ABSOLUTE
    Services\\Source\\girouette.c            0x00000000   Number         0  girouette.o ABSOLUTE
    dc.s                                     0x00000000   Number         0  dc.o ABSOLUTE
    handlers.s                               0x00000000   Number         0  handlers.o ABSOLUTE
    init.s                                   0x00000000   Number         0  init.o ABSOLUTE
    RESET                                    0x08000000   Section      236  startup_stm32f10x_md.o(RESET)
    .ARM.Collect$$$$00000000                 0x080000ec   Section        0  entry.o(.ARM.Collect$$$$00000000)
    .ARM.Collect$$$$00000001                 0x080000ec   Section        4  entry2.o(.ARM.Collect$$$$00000001)
    .ARM.Collect$$$$00000004                 0x080000f0   Section        4  entry5.o(.ARM.Collect$$$$00000004)
    .ARM.Collect$$$$00000008                 0x080000f4   Section        0  entry7b.o(.ARM.Collect$$$$00000008)
    .ARM.Collect$$$$0000000A                 0x080000f4   Section        0  entry8b.o(.ARM.Collect$$$$0000000A)
    .ARM.Collect$$$$0000000B                 0x080000f4   Section        8  entry9a.o(.ARM.Collect$$$$0000000B)
    .ARM.Collect$$$$0000000E                 0x080000fc   Section        4  entry12b.o(.ARM.Collect$$$$0000000E)
    .ARM.Collect$$$$0000000F                 0x08000100   Section        0  entry10a.o(.ARM.Collect$$$$0000000F)
    .ARM.Collect$$$$00000011                 0x08000100   Section        0  entry11a.o(.ARM.Collect$$$$00000011)
    .ARM.Collect$$$$00002712                 0x08000100   Section        4  entry2.o(.ARM.Collect$$$$00002712)
    __lit__00000000                          0x08000100   Data           4  entry2.o(.ARM.Collect$$$$00002712)
    .text                                    0x08000104   Section       36  startup_stm32f10x_md.o(.text)
    .text                                    0x08000128   Section       36  init.o(.text)
    i.MyGPIO_Init                            0x0800014c   Section        0  mygpio.o(i.MyGPIO_Init)
    i.MyGPIO_Read                            0x08000238   Section        0  mygpio.o(i.MyGPIO_Read)
    i.MyGPIO_Reset                           0x0800024c   Section        0  mygpio.o(i.MyGPIO_Reset)
    i.MyGPIO_Set                             0x08000258   Section        0  mygpio.o(i.MyGPIO_Set)
    i.MyTimer_Base_Init                      0x08000264   Section        0  mytimer.o(i.MyTimer_Base_Init)
    i.MyTimer_PWM_DutyCycle                  0x080002d8   Section        0  mytimer.o(i.MyTimer_PWM_DutyCycle)
    i.MyTimer_PWM_Init                       0x08000350   Section        0  mytimer.o(i.MyTimer_PWM_Init)
    i.PLAT_Init                              0x080003e4   Section        0  myplateau.o(i.PLAT_Init)
    i.PLAT_Turn                              0x0800042c   Section        0  myplateau.o(i.PLAT_Turn)
    i.PLAT_Update                            0x08000460   Section        0  myplateau.o(i.PLAT_Update)
    i.SetSysClock                            0x0800046e   Section        0  system_stm32f10x.o(i.SetSysClock)
    SetSysClock                              0x0800046f   Thumb Code     8  system_stm32f10x.o(i.SetSysClock)
    i.SetSysClockTo72                        0x08000478   Section        0  system_stm32f10x.o(i.SetSysClockTo72)
    SetSysClockTo72                          0x08000479   Thumb Code   214  system_stm32f10x.o(i.SetSysClockTo72)
    i.SystemInit                             0x08000558   Section        0  system_stm32f10x.o(i.SystemInit)
    i.TIM2_IRQHandler                        0x080005b8   Section        0  mytimer.o(i.TIM2_IRQHandler)
    i.TIM3_IRQHandler                        0x080005d8   Section        0  mytimer.o(i.TIM3_IRQHandler)
    i.TIM4_IRQHandler                        0x080005f8   Section        0  mytimer.o(i.TIM4_IRQHandler)
    i.TIM_encode                             0x08000618   Section        0  mytimer.o(i.TIM_encode)
    i.USART2_IRQHandler                      0x0800066c   Section        0  usart.o(i.USART2_IRQHandler)
    i.USART3_IRQHandler                      0x08000680   Section        0  usart.o(i.USART3_IRQHandler)
    i.USART_Init                             0x08000694   Section        0  usart.o(i.USART_Init)
    i.USART_Init_RX                          0x080006ec   Section        0  usart.o(i.USART_Init_RX)
    i.USART_RX_IRQ_Init                      0x08000700   Section        0  usart.o(i.USART_RX_IRQ_Init)
    i.__scatterload_copy                     0x08000768   Section       14  handlers.o(i.__scatterload_copy)
    i.__scatterload_null                     0x08000776   Section        2  handlers.o(i.__scatterload_null)
    i.__scatterload_zeroinit                 0x08000778   Section       14  handlers.o(i.__scatterload_zeroinit)
    i.get_command                            0x08000788   Section        0  usart.o(i.get_command)
    i.gir_init                               0x08000794   Section        0  girouette.o(i.gir_init)
    i.gir_srvomoteur                         0x080007f0   Section        0  girouette.o(i.gir_srvomoteur)
    i.main                                   0x08000890   Section        0  main.o(i.main)
    i.pwm_voilier                            0x080008a0   Section        0  girouette.o(i.pwm_voilier)
    i.readEncoderValue3                      0x080008d4   Section        0  girouette.o(i.readEncoderValue3)
    .constdata                               0x080008e0   Section        8  myplateau.o(.constdata)
    .constdata                               0x080008e8   Section       16  girouette.o(.constdata)
    .data                                    0x20000000   Section       13  girouette.o(.data)
    .data                                    0x2000000d   Section        1  usart.o(.data)
    .data                                    0x20000010   Section       16  mytimer.o(.data)
    STACK                                    0x20000020   Section     1024  startup_stm32f10x_md.o(STACK)

    Global Symbols

    Symbol Name                              Value     Ov Type        Size  Object(Section)

    BuildAttributes$$THM_ISAv4$P$D$K$B$S$PE$A:L22UL41UL21$X:L11$S22US41US21$IEEE1$IW$USESV6$~STKCKD$USESV7$~SHL$OSPACE$EBA8$MICROLIB$REQ8$PRES8$EABIv2 0x00000000   Number         0  anon$$obj.o ABSOLUTE
    __ARM_use_no_argv                        0x00000000   Number         0  main.o ABSOLUTE
    __arm_fini_                               - Undefined Weak Reference
    __cpp_initialize__aeabi_                  - Undefined Weak Reference
    __cxa_finalize                            - Undefined Weak Reference
    __decompress                              - Undefined Weak Reference
    _clock_init                               - Undefined Weak Reference
    _microlib_exit                            - Undefined Weak Reference
    __Vectors_Size                           0x000000ec   Number         0  startup_stm32f10x_md.o ABSOLUTE
    __Vectors                                0x08000000   Data           4  startup_stm32f10x_md.o(RESET)
    __Vectors_End                            0x080000ec   Data           0  startup_stm32f10x_md.o(RESET)
    __main                                   0x080000ed   Thumb Code     0  entry.o(.ARM.Collect$$$$00000000)
    _main_stk                                0x080000ed   Thumb Code     0  entry2.o(.ARM.Collect$$$$00000001)
    _main_scatterload                        0x080000f1   Thumb Code     0  entry5.o(.ARM.Collect$$$$00000004)
    __main_after_scatterload                 0x080000f5   Thumb Code     0  entry5.o(.ARM.Collect$$$$00000004)
    _main_clock                              0x080000f5   Thumb Code     0  entry7b.o(.ARM.Collect$$$$00000008)
    _main_cpp_init                           0x080000f5   Thumb Code     0  entry8b.o(.ARM.Collect$$$$0000000A)
    _main_init                               0x080000f5   Thumb Code     0  entry9a.o(.ARM.Collect$$$$0000000B)
    __rt_lib_shutdown_fini                   0x080000fd   Thumb Code     0  entry12b.o(.ARM.Collect$$$$0000000E)
    __rt_final_cpp                           0x08000101   Thumb Code     0  entry10a.o(.ARM.Collect$$$$0000000F)
    __rt_final_exit                          0x08000101   Thumb Code     0  entry11a.o(.ARM.Collect$$$$00000011)
    Reset_Handler                            0x08000105   Thumb Code     8  startup_stm32f10x_md.o(.text)
    NMI_Handler                              0x0800010d   Thumb Code     2  startup_stm32f10x_md.o(.text)
    HardFault_Handler                        0x0800010f   Thumb Code     2  startup_stm32f10x_md.o(.text)
    MemManage_Handler                        0x08000111   Thumb Code     2  startup_stm32f10x_md.o(.text)
    BusFault_Handler                         0x08000113   Thumb Code     2  startup_stm32f10x_md.o(.text)
    UsageFault_Handler                       0x08000115   Thumb Code     2  startup_stm32f10x_md.o(.text)
    SVC_Handler                              0x08000117   Thumb Code     2  startup_stm32f10x_md.o(.text)
    DebugMon_Handler                         0x08000119   Thumb Code     2  startup_stm32f10x_md.o(.text)
    PendSV_Handler                           0x0800011b   Thumb Code     2  startup_stm32f10x_md.o(.text)
    SysTick_Handler                          0x0800011d   Thumb Code     2  startup_stm32f10x_md.o(.text)
    ADC1_2_IRQHandler                        0x0800011f   Thumb Code     0  startup_stm32f10x_md.o(.text)
    CAN1_RX1_IRQHandler                      0x0800011f   Thumb Code     0  startup_stm32f10x_md.o(.text)
    CAN1_SCE_IRQHandler                      0x0800011f   Thumb Code     0  startup_stm32f10x_md.o(.text)
    DMA1_Channel1_IRQHandler                 0x0800011f   Thumb Code     0  startup_stm32f10x_md.o(.text)
    DMA1_Channel2_IRQHandler                 0x0800011f   Thumb Code     0  startup_stm32f10x_md.o(.text)
    DMA1_Channel3_IRQHandler                 0x0800011f   Thumb Code     0  startup_stm32f10x_md.o(.text)
    DMA1_Channel4_IRQHandler                 0x0800011f   Thumb Code     0  startup_stm32f10x_md.o(.text)
    DMA1_Channel5_IRQHandler                 0x0800011f   Thumb Code     0  startup_stm32f10x_md.o(.text)
    DMA1_Channel6_IRQHandler                 0x0800011f   Thumb Code     0  startup_stm32f10x_md.o(.text)
    DMA1_Channel7_IRQHandler                 0x0800011f   Thumb Code     0  startup_stm32f10x_md.o(.text)
    EXTI0_IRQHandler                         0x0800011f   Thumb Code     0  startup_stm32f10x_md.o(.text)
    EXTI15_10_IRQHandler                     0x0800011f   Thumb Code     0  startup_stm32f10x_md.o(.text)
    EXTI1_IRQHandler                         0x0800011f   Thumb Code     0  startup_stm32f10x_md.o(.text)
    EXTI2_IRQHandler                         0x0800011f   Thumb Code     0  startup_stm32f10x_md.o(.text)
    EXTI3_IRQHandler                         0x0800011f   Thumb Code     0  startup_stm32f10x_md.o(.text)
    EXTI4_IRQHandler                         0x0800011f   Thumb Code     0  startup_stm32f10x_md.o(.text)
    EXTI9_5_IRQHandler                       0x0800011f   Thumb Code     0  startup_stm32f10x_md.o(.text)
    FLASH_IRQHandler                         0x0800011f   Thumb Code     0  startup_stm32f10x_md.o(.text)
    I2C1_ER_IRQHandler                       0x0800011f   Thumb Code     0  startup_stm32f10x_md.o(.text)
    I2C1_EV_IRQHandler                       0x0800011f   Thumb Code     0  startup_stm32f10x_md.o(.text)
    I2C2_ER_IRQHandler                       0x0800011f   Thumb Code     0  startup_stm32f10x_md.o(.text)
    I2C2_EV_IRQHandler                       0x0800011f   Thumb Code     0  startup_stm32f10x_md.o(.text)
    PVD_IRQHandler                           0x0800011f   Thumb Code     0  startup_stm32f10x_md.o(.text)
    RCC_IRQHandler                           0x0800011f   Thumb Code     0  startup_stm32f10x_md.o(.text)
    RTCAlarm_IRQHandler                      0x0800011f   Thumb Code     0  startup_stm32f10x_md.o(.text)
    RTC_IRQHandler                           0x0800011f   Thumb Code     0  startup_stm32f10x_md.o(.text)
    SPI1_IRQHandler                          0x0800011f   Thumb Code     0  startup_stm32f10x_md.o(.text)
    SPI2_IRQHandler                          0x0800011f   Thumb Code     0  startup_stm32f10x_md.o(.text)
    TAMPER_IRQHandler                        0x0800011f   Thumb Code     0  startup_stm32f10x_md.o(.text)
    TIM1_BRK_IRQHandler                      0x0800011f   Thumb Code     0  startup_stm32f10x_md.o(.text)
    TIM1_CC_IRQHandler                       0x0800011f   Thumb Code     0  startup_stm32f10x_md.o(.text)
    TIM1_TRG_COM_IRQHandler                  0x0800011f   Thumb Code     0  startup_stm32f10x_md.o(.text)
    TIM1_UP_IRQHandler                       0x0800011f   Thumb Code     0  startup_stm32f10x_md.o(.text)
    USART1_IRQHandler                        0x0800011f   Thumb Code     0  startup_stm32f10x_md.o(.text)
    USBWakeUp_IRQHandler                     0x0800011f   Thumb Code     0  startup_stm32f10x_md.o(.text)
    USB_HP_CAN1_TX_IRQHandler                0x0800011f   Thumb Code     0  startup_stm32f10x_md.o(.text)
    USB_LP_CAN1_RX0_IRQHandler               0x0800011f   Thumb Code     0  startup_stm32f10x_md.o(.text)
    WWDG_IRQHandler                          0x0800011f   Thumb Code     0  startup_stm32f10x_md.o(.text)
    __scatterload                            0x08000129   Thumb Code    28  init.o(.text)
    __scatterload_rt2                        0x08000129   Thumb Code     0  init.o(.text)
    MyGPIO_Init                              0x0800014d   Thumb Code   218  mygpio.o(i.MyGPIO_Init)
    MyGPIO_Read                              0x08000239   Thumb Code    20  mygpio.o(i.MyGPIO_Read)
    MyGPIO_Reset                             0x0800024d   Thumb Code    12  mygpio.o(i.MyGPIO_Reset)
    MyGPIO_Set                               0x08000259   Thumb Code    12  mygpio.o(i.MyGPIO_Set)
    MyTimer_Base_Init                        0x08000265   Thumb Code   104  mytimer.o(i.MyTimer_Base_Init)
    MyTimer_PWM_DutyCycle                    0x080002d9   Thumb Code   120  mytimer.o(i.MyTimer_PWM_DutyCycle)
    MyTimer_PWM_Init                         0x08000351   Thumb Code   144  mytimer.o(i.MyTimer_PWM_Init)
    PLAT_Init                                0x080003e5   Thumb Code    60  myplateau.o(i.PLAT_Init)
    PLAT_Turn                                0x0800042d   Thumb Code    48  myplateau.o(i.PLAT_Turn)
    PLAT_Update                              0x08000461   Thumb Code    14  myplateau.o(i.PLAT_Update)
    SystemInit                               0x08000559   Thumb Code    78  system_stm32f10x.o(i.SystemInit)
    TIM2_IRQHandler                          0x080005b9   Thumb Code    26  mytimer.o(i.TIM2_IRQHandler)
    TIM3_IRQHandler                          0x080005d9   Thumb Code    22  mytimer.o(i.TIM3_IRQHandler)
    TIM4_IRQHandler                          0x080005f9   Thumb Code    22  mytimer.o(i.TIM4_IRQHandler)
    TIM_encode                               0x08000619   Thumb Code    84  mytimer.o(i.TIM_encode)
    USART2_IRQHandler                        0x0800066d   Thumb Code    12  usart.o(i.USART2_IRQHandler)
    USART3_IRQHandler                        0x08000681   Thumb Code    12  usart.o(i.USART3_IRQHandler)
    USART_Init                               0x08000695   Thumb Code    76  usart.o(i.USART_Init)
    USART_Init_RX                            0x080006ed   Thumb Code    20  usart.o(i.USART_Init_RX)
    USART_RX_IRQ_Init                        0x08000701   Thumb Code    90  usart.o(i.USART_RX_IRQ_Init)
    __scatterload_copy                       0x08000769   Thumb Code    14  handlers.o(i.__scatterload_copy)
    __scatterload_null                       0x08000777   Thumb Code     2  handlers.o(i.__scatterload_null)
    __scatterload_zeroinit                   0x08000779   Thumb Code    14  handlers.o(i.__scatterload_zeroinit)
    get_command                              0x08000789   Thumb Code     8  usart.o(i.get_command)
    gir_init                                 0x08000795   Thumb Code    78  girouette.o(i.gir_init)
    gir_srvomoteur                           0x080007f1   Thumb Code   144  girouette.o(i.gir_srvomoteur)
    main                                     0x08000891   Thumb Code    16  main.o(i.main)
    pwm_voilier                              0x080008a1   Thumb Code    40  girouette.o(i.pwm_voilier)
    readEncoderValue3                        0x080008d5   Thumb Code     8  girouette.o(i.readEncoderValue3)
    Region$$Table$$Base                      0x080008f8   Number         0  anon$$obj.o(Region$$Table)
    Region$$Table$$Limit                     0x08000918   Number         0  anon$$obj.o(Region$$Table)
    angle_gr                                 0x20000000   Data           4  girouette.o(.data)
    angle_v                                  0x20000004   Data           4  girouette.o(.data)
    percentARR                               0x20000008   Data           4  girouette.o(.data)
    flag                                     0x2000000c   Data           1  girouette.o(.data)
    command                                  0x2000000d   Data           1  usart.o(.data)
    TIM1_pnt_fun                             0x20000010   Data           4  mytimer.o(.data)
    TIM2_pnt_fun                             0x20000014   Data           4  mytimer.o(.data)
    TIM3_pnt_fun                             0x20000018   Data           4  mytimer.o(.data)
    TIM4_pnt_fun                             0x2000001c   Data           4  mytimer.o(.data)
    __initial_sp                             0x20000420   Data           0  startup_stm32f10x_md.o(STACK)



==============================================================================

Memory Map of the image

  Image Entry point : 0x08000105

  Load Region LR_1 (Base: 0x08000000, Size: 0x00000938, Max: 0xffffffff, ABSOLUTE)

    Execution Region ER_RO (Exec base: 0x08000000, Load base: 0x08000000, Size: 0x00000918, Max: 0xffffffff, ABSOLUTE)

    Exec Addr    Load Addr    Size         Type   Attr      Idx    E Section Name        Object

    0x08000000   0x08000000   0x000000ec   Data   RO          413    RESET               startup_stm32f10x_md.o
    0x080000ec   0x080000ec   0x00000000   Code   RO          464  * .ARM.Collect$$$$00000000  mc_w.l(entry.o)
    0x080000ec   0x080000ec   0x00000004   Code   RO          467    .ARM.Collect$$$$00000001  mc_w.l(entry2.o)
    0x080000f0   0x080000f0   0x00000004   Code   RO          470    .ARM.Collect$$$$00000004  mc_w.l(entry5.o)
    0x080000f4   0x080000f4   0x00000000   Code   RO          472    .ARM.Collect$$$$00000008  mc_w.l(entry7b.o)
    0x080000f4   0x080000f4   0x00000000   Code   RO          474    .ARM.Collect$$$$0000000A  mc_w.l(entry8b.o)
    0x080000f4   0x080000f4   0x00000008   Code   RO          475    .ARM.Collect$$$$0000000B  mc_w.l(entry9a.o)
    0x080000fc   0x080000fc   0x00000004   Code   RO          482    .ARM.Collect$$$$0000000E  mc_w.l(entry12b.o)
    0x08000100   0x08000100   0x00000000   Code   RO          477    .ARM.Collect$$$$0000000F  mc_w.l(entry10a.o)
    0x08000100   0x08000100   0x00000000   Code   RO          479    .ARM.Collect$$$$00000011  mc_w.l(entry11a.o)
    0x08000100   0x08000100   0x00000004   Code   RO          468    .ARM.Collect$$$$00002712  mc_w.l(entry2.o)
    0x08000104   0x08000104   0x00000024   Code   RO          414  * .text               startup_stm32f10x_md.o
    0x08000128   0x08000128   0x00000024   Code   RO          483    .text               mc_w.l(init.o)
    0x0800014c   0x0800014c   0x000000ec   Code   RO          252    i.MyGPIO_Init       mygpio.o
    0x08000238   0x08000238   0x00000014   Code   RO          253    i.MyGPIO_Read       mygpio.o
    0x0800024c   0x0800024c   0x0000000c   Code   RO          254    i.MyGPIO_Reset      mygpio.o
    0x08000258   0x08000258   0x0000000c   Code   RO          255    i.MyGPIO_Set        mygpio.o
    0x08000264   0x08000264   0x00000074   Code   RO          301    i.MyTimer_Base_Init  mytimer.o
    0x080002d8   0x080002d8   0x00000078   Code   RO          302    i.MyTimer_PWM_DutyCycle  mytimer.o
    0x08000350   0x08000350   0x00000094   Code   RO          303    i.MyTimer_PWM_Init  mytimer.o
    0x080003e4   0x080003e4   0x00000048   Code   RO           69    i.PLAT_Init         myplateau.o
    0x0800042c   0x0800042c   0x00000034   Code   RO           70    i.PLAT_Turn         myplateau.o
    0x08000460   0x08000460   0x0000000e   Code   RO           71    i.PLAT_Update       myplateau.o
    0x0800046e   0x0800046e   0x00000008   Code   RO          421    i.SetSysClock       system_stm32f10x.o
    0x08000476   0x08000476   0x00000002   PAD
    0x08000478   0x08000478   0x000000e0   Code   RO          422    i.SetSysClockTo72   system_stm32f10x.o
    0x08000558   0x08000558   0x00000060   Code   RO          424    i.SystemInit        system_stm32f10x.o
    0x080005b8   0x080005b8   0x00000020   Code   RO          305    i.TIM2_IRQHandler   mytimer.o
    0x080005d8   0x080005d8   0x00000020   Code   RO          306    i.TIM3_IRQHandler   mytimer.o
    0x080005f8   0x080005f8   0x00000020   Code   RO          307    i.TIM4_IRQHandler   mytimer.o
    0x08000618   0x08000618   0x00000054   Code   RO          308    i.TIM_encode        mytimer.o
    0x0800066c   0x0800066c   0x00000014   Code   RO          183    i.USART2_IRQHandler  usart.o
    0x08000680   0x08000680   0x00000014   Code   RO          184    i.USART3_IRQHandler  usart.o
    0x08000694   0x08000694   0x00000058   Code   RO          185    i.USART_Init        usart.o
    0x080006ec   0x080006ec   0x00000014   Code   RO          186    i.USART_Init_RX     usart.o
    0x08000700   0x08000700   0x00000068   Code   RO          188    i.USART_RX_IRQ_Init  usart.o
    0x08000768   0x08000768   0x0000000e   Code   RO          487    i.__scatterload_copy  mc_w.l(handlers.o)
    0x08000776   0x08000776   0x00000002   Code   RO          488    i.__scatterload_null  mc_w.l(handlers.o)
    0x08000778   0x08000778   0x0000000e   Code   RO          489    i.__scatterload_zeroinit  mc_w.l(handlers.o)
    0x08000786   0x08000786   0x00000002   PAD
    0x08000788   0x08000788   0x0000000c   Code   RO          189    i.get_command       usart.o
    0x08000794   0x08000794   0x0000005c   Code   RO          121    i.gir_init          girouette.o
    0x080007f0   0x080007f0   0x000000a0   Code   RO          122    i.gir_srvomoteur    girouette.o
    0x08000890   0x08000890   0x00000010   Code   RO            4    i.main              main.o
    0x080008a0   0x080008a0   0x00000034   Code   RO          123    i.pwm_voilier       girouette.o
    0x080008d4   0x080008d4   0x0000000c   Code   RO          124    i.readEncoderValue3  girouette.o
    0x080008e0   0x080008e0   0x00000008   Data   RO           72    .constdata          myplateau.o
    0x080008e8   0x080008e8   0x00000010   Data   RO          125    .constdata          girouette.o
    0x080008f8   0x080008f8   0x00000020   Data   RO          485    Region$$Table       anon$$obj.o


    Execution Region ER_RW (Exec base: 0x20000000, Load base: 0x08000918, Size: 0x00000020, Max: 0xffffffff, ABSOLUTE)

    Exec Addr    Load Addr    Size         Type   Attr      Idx    E Section Name        Object

    0x20000000   0x08000918   0x0000000d   Data   RW          126    .data               girouette.o
    0x2000000d   0x08000925   0x00000001   Data   RW          190    .data               usart.o
    0x2000000e   0x08000926   0x00000002   PAD
    0x20000010   0x08000928   0x00000010   Data   RW          309    .data               mytimer.o


    Execution Region ER_ZI (Exec base: 0x20000020, Load base: 0x08000938, Size: 0x00000400, Max: 0xffffffff, ABSOLUTE)

    Exec Addr    Load Addr    Size         Type   Attr      Idx    E Section Name        Object

    0x20000020        -       0x00000400   Zero   RW          411    STACK               startup_stm32f10x_md.o


==============================================================================

Image component sizes


      Code (inc. data)   RO Data    RW Data    ZI Data      Debug   Object Name

       316         46         16         13          0       2853   girouette.o
        16          0          0          0          0     208467   main.o
       280         18          0          0          0       2544   mygpio.o
       138         16          8          0          0       2006   myplateau.o
       564         42          0         16          0       4888   mytimer.o
        36          8        236          0       1024        812   startup_stm32f10x_md.o
       328         28          0          0          0       1985   system_stm32f10x.o
       264         46          0          1          0       3353   usart.o

    ----------------------------------------------------------------------
      1944        204        292         32       1024     226908   Object Totals
         0          0         32          0          0          0   (incl. Generated)
         2          0          0          2          0          0   (incl. Padding)

    ----------------------------------------------------------------------

      Code (inc. data)   RO Data    RW Data    ZI Data      Debug   Library Member Name

         0          0          0          0          0          0   entry.o
         0          0          0          0          0          0   entry10a.o
         0          0          0          0          0          0   entry11a.o
         4          0          0          0          0          0   entry12b.o
         8          4          0          0          0          0   entry2.o
         4          0          0          0          0          0   entry5.o
         0          0          0          0          0          0   entry7b.o
         0          0          0          0          0          0   entry8b.o
         8          4          0          0          0          0   entry9a.o
        30          0          0          0          0          0   handlers.o
        36          8          0          0          0         68   init.o

    ----------------------------------------------------------------------
        92         16          0          0          0         68   Library Totals
         2          0          0          0          0          0   (incl. Padding)

    ----------------------------------------------------------------------

      Code (inc. data)   RO Data    RW Data    ZI Data      Debug   Library Name

        90         16          0          0          0         68   mc_w.l

    ----------------------------------------------------------------------
        92         16          0          0          0         68   Library Totals

    ----------------------------------------------------------------------

==============================================================================


      Code (inc. data)   RO Data    RW Data    ZI Data      Debug   

      2036        220        292         32       1024     225880   Grand Totals
      2036        220        292         32       1024     225880   ELF Image Totals
      2036        220        292         32          0          0   ROM Totals

==============================================================================

    Total RO  Size (Code + RO Data)                 2328 (   2.27kB)
    Total RW  Size (RW Data + ZI Data)              1056 (   1.03kB)
    Total ROM Size (Code + RO Data + RW Data)       2360 (   2.30kB)

==============================================================================

