Component: ARM Compiler 5.06 update 7 (build 960) Tool: armlink [4d3601]

==============================================================================

Section Cross References

    main.o(i.main) refers to girouette.o(i.gir_init) for gir_init
    main.o(i.main) refers to girouette.o(i.gir_srvomoteur) for gir_srvomoteur
    myplateau.o(i.PLAT_Init) refers to usart.o(i.USART_Init_RX) for USART_Init_RX
    myplateau.o(i.PLAT_Init) refers to usart.o(i.USART_RX_IRQ_Init) for USART_RX_IRQ_Init
    myplateau.o(i.PLAT_Init) refers to mygpio.o(i.MyGPIO_Init) for MyGPIO_Init
    myplateau.o(i.PLAT_Init) refers to mytimer.o(i.MyTimer_Base_Init) for MyTimer_Base_Init
    myplateau.o(i.PLAT_Init) refers to mytimer.o(i.MyTimer_PWM_Init) for MyTimer_PWM_Init
    myplateau.o(i.PLAT_Init) refers to myplateau.o(.constdata) for .constdata
    myplateau.o(i.PLAT_Turn) refers to mygpio.o(i.MyGPIO_Reset) for MyGPIO_Reset
    myplateau.o(i.PLAT_Turn) refers to mygpio.o(i.MyGPIO_Set) for MyGPIO_Set
    myplateau.o(i.PLAT_Turn) refers to mytimer.o(i.MyTimer_PWM_DutyCycle) for MyTimer_PWM_DutyCycle
    myplateau.o(i.PLAT_Update) refers to usart.o(i.get_command) for get_command
    myplateau.o(i.PLAT_Update) refers to myplateau.o(i.PLAT_Turn) for PLAT_Turn
    myplateau.o(i.PLAT_Update) refers to myplateau.o(.data) for test
    girouette.o(i.gir_init) refers to mygpio.o(i.MyGPIO_Init) for MyGPIO_Init
    girouette.o(i.gir_init) refers to mygpio.o(i.MyGPIO_Read) for MyGPIO_Read
    girouette.o(i.gir_init) refers to mytimer.o(i.TIM_encode) for TIM_encode
    girouette.o(i.gir_init) refers to girouette.o(i.pwm_voilier) for pwm_voilier
    girouette.o(i.gir_init) refers to girouette.o(.constdata) for .constdata
    girouette.o(i.gir_init) refers to girouette.o(.data) for flag
    girouette.o(i.gir_srvomoteur) refers to girouette.o(i.readEncoderValue3) for readEncoderValue3
    girouette.o(i.gir_srvomoteur) refers to mytimer.o(i.MyTimer_PWM_DutyCycle) for MyTimer_PWM_DutyCycle
    girouette.o(i.gir_srvomoteur) refers to girouette.o(.data) for angle_gr
    girouette.o(i.pwm_voilier) refers to mygpio.o(i.MyGPIO_Init) for MyGPIO_Init
    girouette.o(i.pwm_voilier) refers to mytimer.o(i.MyTimer_PWM_Init) for MyTimer_PWM_Init
    girouette.o(i.pwm_voilier) refers to mytimer.o(i.MyTimer_Base_Init) for MyTimer_Base_Init
    girouette.o(i.pwm_voilier) refers to girouette.o(.constdata) for .constdata
    usart.o(i.USART2_IRQHandler) refers to usart.o(.data) for command
    usart.o(i.USART3_IRQHandler) refers to usart.o(.data) for command
    usart.o(i.USART_Init) refers to mygpio.o(i.MyGPIO_Init) for MyGPIO_Init
    usart.o(i.USART_Init_RX) refers to usart.o(i.USART_Init) for USART_Init
    usart.o(i.USART_Init_TX) refers to usart.o(i.USART_Init) for USART_Init
    usart.o(i.get_command) refers to usart.o(.data) for command
    mytimer.o(i.MyTimer_ActiveIT) refers to mytimer.o(.data) for TIM1_pnt_fun
    mytimer.o(i.TIM1_IRQHandler) refers to mytimer.o(.data) for TIM1_pnt_fun
    mytimer.o(i.TIM2_IRQHandler) refers to mytimer.o(.data) for TIM2_pnt_fun
    mytimer.o(i.TIM3_IRQHandler) refers to mytimer.o(.data) for TIM3_pnt_fun
    mytimer.o(i.TIM4_IRQHandler) refers to mytimer.o(.data) for TIM4_pnt_fun
    mytimer.o(i.TIM_encode) refers to mytimer.o(i.MyTimer_Base_Init) for MyTimer_Base_Init
    startup_stm32f10x_md.o(RESET) refers to startup_stm32f10x_md.o(STACK) for __initial_sp
    startup_stm32f10x_md.o(RESET) refers to startup_stm32f10x_md.o(.text) for Reset_Handler
    startup_stm32f10x_md.o(RESET) refers to mytimer.o(i.TIM2_IRQHandler) for TIM2_IRQHandler
    startup_stm32f10x_md.o(RESET) refers to mytimer.o(i.TIM3_IRQHandler) for TIM3_IRQHandler
    startup_stm32f10x_md.o(RESET) refers to mytimer.o(i.TIM4_IRQHandler) for TIM4_IRQHandler
    startup_stm32f10x_md.o(RESET) refers to usart.o(i.USART2_IRQHandler) for USART2_IRQHandler
    startup_stm32f10x_md.o(RESET) refers to usart.o(i.USART3_IRQHandler) for USART3_IRQHandler
    startup_stm32f10x_md.o(.text) refers to system_stm32f10x.o(i.SystemInit) for SystemInit
    startup_stm32f10x_md.o(.text) refers to entry.o(.ARM.Collect$$$$00000000) for __main
    system_stm32f10x.o(i.SetSysClock) refers to system_stm32f10x.o(i.SetSysClockTo72) for SetSysClockTo72
    system_stm32f10x.o(i.SystemCoreClockUpdate) refers to system_stm32f10x.o(.data) for SystemCoreClock
    system_stm32f10x.o(i.SystemInit) refers to system_stm32f10x.o(i.SetSysClock) for SetSysClock
    entry.o(.ARM.Collect$$$$00000000) refers (Special) to entry10a.o(.ARM.Collect$$$$0000000F) for __rt_final_cpp
    entry.o(.ARM.Collect$$$$00000000) refers (Special) to entry11a.o(.ARM.Collect$$$$00000011) for __rt_final_exit
    entry.o(.ARM.Collect$$$$00000000) refers (Special) to entry12b.o(.ARM.Collect$$$$0000000E) for __rt_lib_shutdown_fini
    entry.o(.ARM.Collect$$$$00000000) refers (Special) to entry7b.o(.ARM.Collect$$$$00000008) for _main_clock
    entry.o(.ARM.Collect$$$$00000000) refers (Special) to entry8b.o(.ARM.Collect$$$$0000000A) for _main_cpp_init
    entry.o(.ARM.Collect$$$$00000000) refers (Special) to entry9a.o(.ARM.Collect$$$$0000000B) for _main_init
    entry.o(.ARM.Collect$$$$00000000) refers (Special) to entry5.o(.ARM.Collect$$$$00000004) for _main_scatterload
    entry.o(.ARM.Collect$$$$00000000) refers (Special) to entry2.o(.ARM.Collect$$$$00000001) for _main_stk
    entry2.o(.ARM.Collect$$$$00000001) refers to entry2.o(.ARM.Collect$$$$00002712) for __lit__00000000
    entry2.o(.ARM.Collect$$$$00002712) refers to startup_stm32f10x_md.o(STACK) for __initial_sp
    entry2.o(__vectab_stack_and_reset_area) refers to startup_stm32f10x_md.o(STACK) for __initial_sp
    entry2.o(__vectab_stack_and_reset_area) refers to entry.o(.ARM.Collect$$$$00000000) for __main
    entry5.o(.ARM.Collect$$$$00000004) refers to init.o(.text) for __scatterload
    entry9a.o(.ARM.Collect$$$$0000000B) refers to main.o(i.main) for main
    entry9b.o(.ARM.Collect$$$$0000000C) refers to main.o(i.main) for main
    init.o(.text) refers to entry5.o(.ARM.Collect$$$$00000004) for __main_after_scatterload


==============================================================================

Removing Unused input sections from the image.

    Removing main.o(.rev16_text), (4 bytes).
    Removing main.o(.revsh_text), (4 bytes).
    Removing main.o(.rrx_text), (6 bytes).
    Removing myplateau.o(.rev16_text), (4 bytes).
    Removing myplateau.o(.revsh_text), (4 bytes).
    Removing myplateau.o(.rrx_text), (6 bytes).
    Removing myplateau.o(i.PLAT_Init), (72 bytes).
    Removing myplateau.o(i.PLAT_Turn), (52 bytes).
    Removing myplateau.o(i.PLAT_Update), (28 bytes).
    Removing myplateau.o(.constdata), (8 bytes).
    Removing myplateau.o(.data), (1 bytes).
    Removing girouette.o(.rev16_text), (4 bytes).
    Removing girouette.o(.revsh_text), (4 bytes).
    Removing girouette.o(.rrx_text), (6 bytes).
    Removing usart.o(.rev16_text), (4 bytes).
    Removing usart.o(.revsh_text), (4 bytes).
    Removing usart.o(.rrx_text), (6 bytes).
    Removing usart.o(i.USART_Init), (88 bytes).
    Removing usart.o(i.USART_Init_RX), (20 bytes).
    Removing usart.o(i.USART_Init_TX), (20 bytes).
    Removing usart.o(i.USART_RX_IRQ_Init), (104 bytes).
    Removing usart.o(i.get_command), (12 bytes).
    Removing mygpio.o(.rev16_text), (4 bytes).
    Removing mygpio.o(.revsh_text), (4 bytes).
    Removing mygpio.o(.rrx_text), (6 bytes).
    Removing mygpio.o(i.MyGPIO_Reset), (12 bytes).
    Removing mygpio.o(i.MyGPIO_Set), (12 bytes).
    Removing mygpio.o(i.MyGPIO_Toggle), (34 bytes).
    Removing mytimer.o(.rev16_text), (4 bytes).
    Removing mytimer.o(.revsh_text), (4 bytes).
    Removing mytimer.o(.rrx_text), (6 bytes).
    Removing mytimer.o(i.MyTimer_ActiveIT), (216 bytes).
    Removing mytimer.o(i.TIM1_IRQHandler), (32 bytes).
    Removing myadc.o(.rev16_text), (4 bytes).
    Removing myadc.o(.revsh_text), (4 bytes).
    Removing myadc.o(.rrx_text), (6 bytes).
    Removing myadc.o(i.ADC_Value), (28 bytes).
    Removing myadc.o(i.start_ADC), (92 bytes).
    Removing startup_stm32f10x_md.o(HEAP), (512 bytes).
    Removing system_stm32f10x.o(.rev16_text), (4 bytes).
    Removing system_stm32f10x.o(.revsh_text), (4 bytes).
    Removing system_stm32f10x.o(.rrx_text), (6 bytes).
    Removing system_stm32f10x.o(i.SystemCoreClockUpdate), (164 bytes).
    Removing system_stm32f10x.o(.data), (20 bytes).

44 unused section(s) (total 1639 bytes) removed from the image.

==============================================================================

Image Symbol Table

    Local Symbols

    Symbol Name                              Value     Ov Type        Size  Object(Section)

    ../clib/microlib/init/entry.s            0x00000000   Number         0  entry9b.o ABSOLUTE
    ../clib/microlib/init/entry.s            0x00000000   Number         0  entry9a.o ABSOLUTE
    ../clib/microlib/init/entry.s            0x00000000   Number         0  entry11b.o ABSOLUTE
    ../clib/microlib/init/entry.s            0x00000000   Number         0  entry8b.o ABSOLUTE
    ../clib/microlib/init/entry.s            0x00000000   Number         0  entry2.o ABSOLUTE
    ../clib/microlib/init/entry.s            0x00000000   Number         0  entry8a.o ABSOLUTE
    ../clib/microlib/init/entry.s            0x00000000   Number         0  entry7b.o ABSOLUTE
    ../clib/microlib/init/entry.s            0x00000000   Number         0  entry7a.o ABSOLUTE
    ../clib/microlib/init/entry.s            0x00000000   Number         0  entry5.o ABSOLUTE
    ../clib/microlib/init/entry.s            0x00000000   Number         0  entry.o ABSOLUTE
    ../clib/microlib/init/entry.s            0x00000000   Number         0  entry12b.o ABSOLUTE
    ../clib/microlib/init/entry.s            0x00000000   Number         0  entry12a.o ABSOLUTE
    ../clib/microlib/init/entry.s            0x00000000   Number         0  entry11a.o ABSOLUTE
    ../clib/microlib/init/entry.s            0x00000000   Number         0  entry10b.o ABSOLUTE
    ../clib/microlib/init/entry.s            0x00000000   Number         0  entry10a.o ABSOLUTE
    Application\Main.c                       0x00000000   Number         0  main.o ABSOLUTE
    Application\\Main.c                      0x00000000   Number         0  main.o ABSOLUTE
    Drivers\Source\MYADC.c                   0x00000000   Number         0  myadc.o ABSOLUTE
    Drivers\Source\MYGPIO.c                  0x00000000   Number         0  mygpio.o ABSOLUTE
    Drivers\Source\MYTimer.c                 0x00000000   Number         0  mytimer.o ABSOLUTE
    Drivers\Source\USART.c                   0x00000000   Number         0  usart.o ABSOLUTE
    Drivers\\Source\\MYADC.c                 0x00000000   Number         0  myadc.o ABSOLUTE
    Drivers\\Source\\MYGPIO.c                0x00000000   Number         0  mygpio.o ABSOLUTE
    Drivers\\Source\\MYTimer.c               0x00000000   Number         0  mytimer.o ABSOLUTE
    Drivers\\Source\\USART.c                 0x00000000   Number         0  usart.o ABSOLUTE
    RTE/Device/STM32F103RB/startup_stm32f10x_md.s 0x00000000   Number         0  startup_stm32f10x_md.o ABSOLUTE
    RTE/Device/STM32F103RB/system_stm32f10x.c 0x00000000   Number         0  system_stm32f10x.o ABSOLUTE
    RTE\Device\STM32F103RB\system_stm32f10x.c 0x00000000   Number         0  system_stm32f10x.o ABSOLUTE
    Services\Source\MYPLATEAU.c              0x00000000   Number         0  myplateau.o ABSOLUTE
    Services\Source\girouette.c              0x00000000   Number         0  girouette.o ABSOLUTE
    Services\\Source\\MYPLATEAU.c            0x00000000   Number         0  myplateau.o ABSOLUTE
    Services\\Source\\girouette.c            0x00000000   Number         0  girouette.o ABSOLUTE
    dc.s                                     0x00000000   Number         0  dc.o ABSOLUTE
    handlers.s                               0x00000000   Number         0  handlers.o ABSOLUTE
    init.s                                   0x00000000   Number         0  init.o ABSOLUTE
    RESET                                    0x08000000   Section      236  startup_stm32f10x_md.o(RESET)
    .ARM.Collect$$$$00000000                 0x080000ec   Section        0  entry.o(.ARM.Collect$$$$00000000)
    .ARM.Collect$$$$00000001                 0x080000ec   Section        4  entry2.o(.ARM.Collect$$$$00000001)
    .ARM.Collect$$$$00000004                 0x080000f0   Section        4  entry5.o(.ARM.Collect$$$$00000004)
    .ARM.Collect$$$$00000008                 0x080000f4   Section        0  entry7b.o(.ARM.Collect$$$$00000008)
    .ARM.Collect$$$$0000000A                 0x080000f4   Section        0  entry8b.o(.ARM.Collect$$$$0000000A)
    .ARM.Collect$$$$0000000B                 0x080000f4   Section        8  entry9a.o(.ARM.Collect$$$$0000000B)
    .ARM.Collect$$$$0000000E                 0x080000fc   Section        4  entry12b.o(.ARM.Collect$$$$0000000E)
    .ARM.Collect$$$$0000000F                 0x08000100   Section        0  entry10a.o(.ARM.Collect$$$$0000000F)
    .ARM.Collect$$$$00000011                 0x08000100   Section        0  entry11a.o(.ARM.Collect$$$$00000011)
    .ARM.Collect$$$$00002712                 0x08000100   Section        4  entry2.o(.ARM.Collect$$$$00002712)
    __lit__00000000                          0x08000100   Data           4  entry2.o(.ARM.Collect$$$$00002712)
    .text                                    0x08000104   Section       36  startup_stm32f10x_md.o(.text)
    .text                                    0x08000128   Section       36  init.o(.text)
    i.MyGPIO_Init                            0x0800014c   Section        0  mygpio.o(i.MyGPIO_Init)
    i.MyGPIO_Read                            0x08000238   Section        0  mygpio.o(i.MyGPIO_Read)
    i.MyTimer_Base_Init                      0x0800024c   Section        0  mytimer.o(i.MyTimer_Base_Init)
    i.MyTimer_PWM_DutyCycle                  0x080002c0   Section        0  mytimer.o(i.MyTimer_PWM_DutyCycle)
    i.MyTimer_PWM_Init                       0x08000320   Section        0  mytimer.o(i.MyTimer_PWM_Init)
    i.SetSysClock                            0x080003b4   Section        0  system_stm32f10x.o(i.SetSysClock)
    SetSysClock                              0x080003b5   Thumb Code     8  system_stm32f10x.o(i.SetSysClock)
    i.SetSysClockTo72                        0x080003bc   Section        0  system_stm32f10x.o(i.SetSysClockTo72)
    SetSysClockTo72                          0x080003bd   Thumb Code   214  system_stm32f10x.o(i.SetSysClockTo72)
    i.SystemInit                             0x0800049c   Section        0  system_stm32f10x.o(i.SystemInit)
    i.TIM2_IRQHandler                        0x080004fc   Section        0  mytimer.o(i.TIM2_IRQHandler)
    i.TIM3_IRQHandler                        0x0800051c   Section        0  mytimer.o(i.TIM3_IRQHandler)
    i.TIM4_IRQHandler                        0x0800053c   Section        0  mytimer.o(i.TIM4_IRQHandler)
    i.TIM_encode                             0x0800055c   Section        0  mytimer.o(i.TIM_encode)
    i.USART2_IRQHandler                      0x080005b0   Section        0  usart.o(i.USART2_IRQHandler)
    i.USART3_IRQHandler                      0x080005c4   Section        0  usart.o(i.USART3_IRQHandler)
    i.__scatterload_copy                     0x080005d8   Section       14  handlers.o(i.__scatterload_copy)
    i.__scatterload_null                     0x080005e6   Section        2  handlers.o(i.__scatterload_null)
    i.__scatterload_zeroinit                 0x080005e8   Section       14  handlers.o(i.__scatterload_zeroinit)
    i.gir_init                               0x080005f8   Section        0  girouette.o(i.gir_init)
    i.gir_srvomoteur                         0x08000654   Section        0  girouette.o(i.gir_srvomoteur)
    i.main                                   0x080006f4   Section        0  main.o(i.main)
    i.pwm_voilier                            0x08000700   Section        0  girouette.o(i.pwm_voilier)
    i.readEncoderValue3                      0x08000730   Section        0  girouette.o(i.readEncoderValue3)
    .constdata                               0x08000744   Section       16  girouette.o(.constdata)
    .data                                    0x20000000   Section       13  girouette.o(.data)
    .data                                    0x2000000d   Section        1  usart.o(.data)
    .data                                    0x20000010   Section       16  mytimer.o(.data)
    STACK                                    0x20000020   Section     1024  startup_stm32f10x_md.o(STACK)

    Global Symbols

    Symbol Name                              Value     Ov Type        Size  Object(Section)

    BuildAttributes$$THM_ISAv4$P$D$K$B$S$PE$A:L22UL41UL21$X:L11$S22US41US21$IEEE1$IW$USESV6$~STKCKD$USESV7$~SHL$OSPACE$EBA8$MICROLIB$REQ8$PRES8$EABIv2 0x00000000   Number         0  anon$$obj.o ABSOLUTE
    __ARM_use_no_argv                        0x00000000   Number         0  main.o ABSOLUTE
    __arm_fini_                               - Undefined Weak Reference
    __cpp_initialize__aeabi_                  - Undefined Weak Reference
    __cxa_finalize                            - Undefined Weak Reference
    __decompress                              - Undefined Weak Reference
    _clock_init                               - Undefined Weak Reference
    _microlib_exit                            - Undefined Weak Reference
    __Vectors_Size                           0x000000ec   Number         0  startup_stm32f10x_md.o ABSOLUTE
    __Vectors                                0x08000000   Data           4  startup_stm32f10x_md.o(RESET)
    __Vectors_End                            0x080000ec   Data           0  startup_stm32f10x_md.o(RESET)
    __main                                   0x080000ed   Thumb Code     0  entry.o(.ARM.Collect$$$$00000000)
    _main_stk                                0x080000ed   Thumb Code     0  entry2.o(.ARM.Collect$$$$00000001)
    _main_scatterload                        0x080000f1   Thumb Code     0  entry5.o(.ARM.Collect$$$$00000004)
    __main_after_scatterload                 0x080000f5   Thumb Code     0  entry5.o(.ARM.Collect$$$$00000004)
    _main_clock                              0x080000f5   Thumb Code     0  entry7b.o(.ARM.Collect$$$$00000008)
    _main_cpp_init                           0x080000f5   Thumb Code     0  entry8b.o(.ARM.Collect$$$$0000000A)
    _main_init                               0x080000f5   Thumb Code     0  entry9a.o(.ARM.Collect$$$$0000000B)
    __rt_lib_shutdown_fini                   0x080000fd   Thumb Code     0  entry12b.o(.ARM.Collect$$$$0000000E)
    __rt_final_cpp                           0x08000101   Thumb Code     0  entry10a.o(.ARM.Collect$$$$0000000F)
    __rt_final_exit                          0x08000101   Thumb Code     0  entry11a.o(.ARM.Collect$$$$00000011)
    Reset_Handler                            0x08000105   Thumb Code     8  startup_stm32f10x_md.o(.text)
    NMI_Handler                              0x0800010d   Thumb Code     2  startup_stm32f10x_md.o(.text)
    HardFault_Handler                        0x0800010f   Thumb Code     2  startup_stm32f10x_md.o(.text)
    MemManage_Handler                        0x08000111   Thumb Code     2  startup_stm32f10x_md.o(.text)
    BusFault_Handler                         0x08000113   Thumb Code     2  startup_stm32f10x_md.o(.text)
    UsageFault_Handler                       0x08000115   Thumb Code     2  startup_stm32f10x_md.o(.text)
    SVC_Handler                              0x08000117   Thumb Code     2  startup_stm32f10x_md.o(.text)
    DebugMon_Handler                         0x08000119   Thumb Code     2  startup_stm32f10x_md.o(.text)
    PendSV_Handler                           0x0800011b   Thumb Code     2  startup_stm32f10x_md.o(.text)
    SysTick_Handler                          0x0800011d   Thumb Code     2  startup_stm32f10x_md.o(.text)
    ADC1_2_IRQHandler                        0x0800011f   Thumb Code     0  startup_stm32f10x_md.o(.text)
    CAN1_RX1_IRQHandler                      0x0800011f   Thumb Code     0  startup_stm32f10x_md.o(.text)
    CAN1_SCE_IRQHandler                      0x0800011f   Thumb Code     0  startup_stm32f10x_md.o(.text)
    DMA1_Channel1_IRQHandler                 0x0800011f   Thumb Code     0  startup_stm32f10x_md.o(.text)
    DMA1_Channel2_IRQHandler                 0x0800011f   Thumb Code     0  startup_stm32f10x_md.o(.text)
    DMA1_Channel3_IRQHandler                 0x0800011f   Thumb Code     0  startup_stm32f10x_md.o(.text)
    DMA1_Channel4_IRQHandler                 0x0800011f   Thumb Code     0  startup_stm32f10x_md.o(.text)
    DMA1_Channel5_IRQHandler                 0x0800011f   Thumb Code     0  startup_stm32f10x_md.o(.text)
    DMA1_Channel6_IRQHandler                 0x0800011f   Thumb Code     0  startup_stm32f10x_md.o(.text)
    DMA1_Channel7_IRQHandler                 0x0800011f   Thumb Code     0  startup_stm32f10x_md.o(.text)
    EXTI0_IRQHandler                         0x0800011f   Thumb Code     0  startup_stm32f10x_md.o(.text)
    EXTI15_10_IRQHandler                     0x0800011f   Thumb Code     0  startup_stm32f10x_md.o(.text)
    EXTI1_IRQHandler                         0x0800011f   Thumb Code     0  startup_stm32f10x_md.o(.text)
    EXTI2_IRQHandler                         0x0800011f   Thumb Code     0  startup_stm32f10x_md.o(.text)
    EXTI3_IRQHandler                         0x0800011f   Thumb Code     0  startup_stm32f10x_md.o(.text)
    EXTI4_IRQHandler                         0x0800011f   Thumb Code     0  startup_stm32f10x_md.o(.text)
    EXTI9_5_IRQHandler                       0x0800011f   Thumb Code     0  startup_stm32f10x_md.o(.text)
    FLASH_IRQHandler                         0x0800011f   Thumb Code     0  startup_stm32f10x_md.o(.text)
    I2C1_ER_IRQHandler                       0x0800011f   Thumb Code     0  startup_stm32f10x_md.o(.text)
    I2C1_EV_IRQHandler                       0x0800011f   Thumb Code     0  startup_stm32f10x_md.o(.text)
    I2C2_ER_IRQHandler                       0x0800011f   Thumb Code     0  startup_stm32f10x_md.o(.text)
    I2C2_EV_IRQHandler                       0x0800011f   Thumb Code     0  startup_stm32f10x_md.o(.text)
    PVD_IRQHandler                           0x0800011f   Thumb Code     0  startup_stm32f10x_md.o(.text)
    RCC_IRQHandler                           0x0800011f   Thumb Code     0  startup_stm32f10x_md.o(.text)
    RTCAlarm_IRQHandler                      0x0800011f   Thumb Code     0  startup_stm32f10x_md.o(.text)
    RTC_IRQHandler                           0x0800011f   Thumb Code     0  startup_stm32f10x_md.o(.text)
    SPI1_IRQHandler                          0x0800011f   Thumb Code     0  startup_stm32f10x_md.o(.text)
    SPI2_IRQHandler                          0x0800011f   Thumb Code     0  startup_stm32f10x_md.o(.text)
    TAMPER_IRQHandler                        0x0800011f   Thumb Code     0  startup_stm32f10x_md.o(.text)
    TIM1_BRK_IRQHandler                      0x0800011f   Thumb Code     0  startup_stm32f10x_md.o(.text)
    TIM1_CC_IRQHandler                       0x0800011f   Thumb Code     0  startup_stm32f10x_md.o(.text)
    TIM1_TRG_COM_IRQHandler                  0x0800011f   Thumb Code     0  startup_stm32f10x_md.o(.text)
    TIM1_UP_IRQHandler                       0x0800011f   Thumb Code     0  startup_stm32f10x_md.o(.text)
    USART1_IRQHandler                        0x0800011f   Thumb Code     0  startup_stm32f10x_md.o(.text)
    USBWakeUp_IRQHandler                     0x0800011f   Thumb Code     0  startup_stm32f10x_md.o(.text)
    USB_HP_CAN1_TX_IRQHandler                0x0800011f   Thumb Code     0  startup_stm32f10x_md.o(.text)
    USB_LP_CAN1_RX0_IRQHandler               0x0800011f   Thumb Code     0  startup_stm32f10x_md.o(.text)
    WWDG_IRQHandler                          0x0800011f   Thumb Code     0  startup_stm32f10x_md.o(.text)
    __scatterload                            0x08000129   Thumb Code    28  init.o(.text)
    __scatterload_rt2                        0x08000129   Thumb Code     0  init.o(.text)
    MyGPIO_Init                              0x0800014d   Thumb Code   218  mygpio.o(i.MyGPIO_Init)
    MyGPIO_Read                              0x08000239   Thumb Code    20  mygpio.o(i.MyGPIO_Read)
    MyTimer_Base_Init                        0x0800024d   Thumb Code   104  mytimer.o(i.MyTimer_Base_Init)
    MyTimer_PWM_DutyCycle                    0x080002c1   Thumb Code    96  mytimer.o(i.MyTimer_PWM_DutyCycle)
    MyTimer_PWM_Init                         0x08000321   Thumb Code   144  mytimer.o(i.MyTimer_PWM_Init)
    SystemInit                               0x0800049d   Thumb Code    78  system_stm32f10x.o(i.SystemInit)
    TIM2_IRQHandler                          0x080004fd   Thumb Code    26  mytimer.o(i.TIM2_IRQHandler)
    TIM3_IRQHandler                          0x0800051d   Thumb Code    22  mytimer.o(i.TIM3_IRQHandler)
    TIM4_IRQHandler                          0x0800053d   Thumb Code    22  mytimer.o(i.TIM4_IRQHandler)
    TIM_encode                               0x0800055d   Thumb Code    84  mytimer.o(i.TIM_encode)
    USART2_IRQHandler                        0x080005b1   Thumb Code    12  usart.o(i.USART2_IRQHandler)
    USART3_IRQHandler                        0x080005c5   Thumb Code    12  usart.o(i.USART3_IRQHandler)
    __scatterload_copy                       0x080005d9   Thumb Code    14  handlers.o(i.__scatterload_copy)
    __scatterload_null                       0x080005e7   Thumb Code     2  handlers.o(i.__scatterload_null)
    __scatterload_zeroinit                   0x080005e9   Thumb Code    14  handlers.o(i.__scatterload_zeroinit)
    gir_init                                 0x080005f9   Thumb Code    78  girouette.o(i.gir_init)
    gir_srvomoteur                           0x08000655   Thumb Code   144  girouette.o(i.gir_srvomoteur)
    main                                     0x080006f5   Thumb Code    12  main.o(i.main)
    pwm_voilier                              0x08000701   Thumb Code    36  girouette.o(i.pwm_voilier)
    readEncoderValue3                        0x08000731   Thumb Code    14  girouette.o(i.readEncoderValue3)
    Region$$Table$$Base                      0x08000754   Number         0  anon$$obj.o(Region$$Table)
    Region$$Table$$Limit                     0x08000774   Number         0  anon$$obj.o(Region$$Table)
    angle_gr                                 0x20000000   Data           4  girouette.o(.data)
    angle_v                                  0x20000004   Data           4  girouette.o(.data)
    percentARR                               0x20000008   Data           4  girouette.o(.data)
    flag                                     0x2000000c   Data           1  girouette.o(.data)
    command                                  0x2000000d   Data           1  usart.o(.data)
    TIM1_pnt_fun                             0x20000010   Data           4  mytimer.o(.data)
    TIM2_pnt_fun                             0x20000014   Data           4  mytimer.o(.data)
    TIM3_pnt_fun                             0x20000018   Data           4  mytimer.o(.data)
    TIM4_pnt_fun                             0x2000001c   Data           4  mytimer.o(.data)
    __initial_sp                             0x20000420   Data           0  startup_stm32f10x_md.o(STACK)



==============================================================================

Memory Map of the image

  Image Entry point : 0x08000105

  Load Region LR_1 (Base: 0x08000000, Size: 0x00000794, Max: 0xffffffff, ABSOLUTE)

    Execution Region ER_RO (Exec base: 0x08000000, Load base: 0x08000000, Size: 0x00000774, Max: 0xffffffff, ABSOLUTE)

    Exec Addr    Load Addr    Size         Type   Attr      Idx    E Section Name        Object

    0x08000000   0x08000000   0x000000ec   Data   RO          416    RESET               startup_stm32f10x_md.o
    0x080000ec   0x080000ec   0x00000000   Code   RO          467  * .ARM.Collect$$$$00000000  mc_w.l(entry.o)
    0x080000ec   0x080000ec   0x00000004   Code   RO          470    .ARM.Collect$$$$00000001  mc_w.l(entry2.o)
    0x080000f0   0x080000f0   0x00000004   Code   RO          473    .ARM.Collect$$$$00000004  mc_w.l(entry5.o)
    0x080000f4   0x080000f4   0x00000000   Code   RO          475    .ARM.Collect$$$$00000008  mc_w.l(entry7b.o)
    0x080000f4   0x080000f4   0x00000000   Code   RO          477    .ARM.Collect$$$$0000000A  mc_w.l(entry8b.o)
    0x080000f4   0x080000f4   0x00000008   Code   RO          478    .ARM.Collect$$$$0000000B  mc_w.l(entry9a.o)
    0x080000fc   0x080000fc   0x00000004   Code   RO          485    .ARM.Collect$$$$0000000E  mc_w.l(entry12b.o)
    0x08000100   0x08000100   0x00000000   Code   RO          480    .ARM.Collect$$$$0000000F  mc_w.l(entry10a.o)
    0x08000100   0x08000100   0x00000000   Code   RO          482    .ARM.Collect$$$$00000011  mc_w.l(entry11a.o)
    0x08000100   0x08000100   0x00000004   Code   RO          471    .ARM.Collect$$$$00002712  mc_w.l(entry2.o)
    0x08000104   0x08000104   0x00000024   Code   RO          417  * .text               startup_stm32f10x_md.o
    0x08000128   0x08000128   0x00000024   Code   RO          486    .text               mc_w.l(init.o)
    0x0800014c   0x0800014c   0x000000ec   Code   RO          255    i.MyGPIO_Init       mygpio.o
    0x08000238   0x08000238   0x00000014   Code   RO          256    i.MyGPIO_Read       mygpio.o
    0x0800024c   0x0800024c   0x00000074   Code   RO          304    i.MyTimer_Base_Init  mytimer.o
    0x080002c0   0x080002c0   0x00000060   Code   RO          305    i.MyTimer_PWM_DutyCycle  mytimer.o
    0x08000320   0x08000320   0x00000094   Code   RO          306    i.MyTimer_PWM_Init  mytimer.o
    0x080003b4   0x080003b4   0x00000008   Code   RO          424    i.SetSysClock       system_stm32f10x.o
    0x080003bc   0x080003bc   0x000000e0   Code   RO          425    i.SetSysClockTo72   system_stm32f10x.o
    0x0800049c   0x0800049c   0x00000060   Code   RO          427    i.SystemInit        system_stm32f10x.o
    0x080004fc   0x080004fc   0x00000020   Code   RO          308    i.TIM2_IRQHandler   mytimer.o
    0x0800051c   0x0800051c   0x00000020   Code   RO          309    i.TIM3_IRQHandler   mytimer.o
    0x0800053c   0x0800053c   0x00000020   Code   RO          310    i.TIM4_IRQHandler   mytimer.o
    0x0800055c   0x0800055c   0x00000054   Code   RO          311    i.TIM_encode        mytimer.o
    0x080005b0   0x080005b0   0x00000014   Code   RO          186    i.USART2_IRQHandler  usart.o
    0x080005c4   0x080005c4   0x00000014   Code   RO          187    i.USART3_IRQHandler  usart.o
    0x080005d8   0x080005d8   0x0000000e   Code   RO          490    i.__scatterload_copy  mc_w.l(handlers.o)
    0x080005e6   0x080005e6   0x00000002   Code   RO          491    i.__scatterload_null  mc_w.l(handlers.o)
    0x080005e8   0x080005e8   0x0000000e   Code   RO          492    i.__scatterload_zeroinit  mc_w.l(handlers.o)
    0x080005f6   0x080005f6   0x00000002   PAD
    0x080005f8   0x080005f8   0x0000005c   Code   RO          128    i.gir_init          girouette.o
    0x08000654   0x08000654   0x000000a0   Code   RO          129    i.gir_srvomoteur    girouette.o
    0x080006f4   0x080006f4   0x0000000c   Code   RO            4    i.main              main.o
    0x08000700   0x08000700   0x00000030   Code   RO          130    i.pwm_voilier       girouette.o
    0x08000730   0x08000730   0x00000014   Code   RO          131    i.readEncoderValue3  girouette.o
    0x08000744   0x08000744   0x00000010   Data   RO          132    .constdata          girouette.o
    0x08000754   0x08000754   0x00000020   Data   RO          488    Region$$Table       anon$$obj.o


    Execution Region ER_RW (Exec base: 0x20000000, Load base: 0x08000774, Size: 0x00000020, Max: 0xffffffff, ABSOLUTE)

    Exec Addr    Load Addr    Size         Type   Attr      Idx    E Section Name        Object

    0x20000000   0x08000774   0x0000000d   Data   RW          133    .data               girouette.o
    0x2000000d   0x08000781   0x00000001   Data   RW          193    .data               usart.o
    0x2000000e   0x08000782   0x00000002   PAD
    0x20000010   0x08000784   0x00000010   Data   RW          312    .data               mytimer.o


    Execution Region ER_ZI (Exec base: 0x20000020, Load base: 0x08000794, Size: 0x00000400, Max: 0xffffffff, ABSOLUTE)

    Exec Addr    Load Addr    Size         Type   Attr      Idx    E Section Name        Object

    0x20000020        -       0x00000400   Zero   RW          414    STACK               startup_stm32f10x_md.o


==============================================================================

Image component sizes


      Code (inc. data)   RO Data    RW Data    ZI Data      Debug   Object Name

       320         48         16         13          0       2849   girouette.o
        12          0          0          0          0     208463   main.o
       256         18          0          0          0       1564   mygpio.o
       540         42          0         16          0       4872   mytimer.o
        36          8        236          0       1024        812   startup_stm32f10x_md.o
       328         28          0          0          0       1985   system_stm32f10x.o
        40         16          0          1          0       1434   usart.o

    ----------------------------------------------------------------------
      1532        160        284         32       1024     221979   Object Totals
         0          0         32          0          0          0   (incl. Generated)
         0          0          0          2          0          0   (incl. Padding)

    ----------------------------------------------------------------------

      Code (inc. data)   RO Data    RW Data    ZI Data      Debug   Library Member Name

         0          0          0          0          0          0   entry.o
         0          0          0          0          0          0   entry10a.o
         0          0          0          0          0          0   entry11a.o
         4          0          0          0          0          0   entry12b.o
         8          4          0          0          0          0   entry2.o
         4          0          0          0          0          0   entry5.o
         0          0          0          0          0          0   entry7b.o
         0          0          0          0          0          0   entry8b.o
         8          4          0          0          0          0   entry9a.o
        30          0          0          0          0          0   handlers.o
        36          8          0          0          0         68   init.o

    ----------------------------------------------------------------------
        92         16          0          0          0         68   Library Totals
         2          0          0          0          0          0   (incl. Padding)

    ----------------------------------------------------------------------

      Code (inc. data)   RO Data    RW Data    ZI Data      Debug   Library Name

        90         16          0          0          0         68   mc_w.l

    ----------------------------------------------------------------------
        92         16          0          0          0         68   Library Totals

    ----------------------------------------------------------------------

==============================================================================


      Code (inc. data)   RO Data    RW Data    ZI Data      Debug   

      1624        176        284         32       1024     221367   Grand Totals
      1624        176        284         32       1024     221367   ELF Image Totals
      1624        176        284         32          0          0   ROM Totals

==============================================================================

    Total RO  Size (Code + RO Data)                 1908 (   1.86kB)
    Total RW  Size (RW Data + ZI Data)              1056 (   1.03kB)
    Total ROM Size (Code + RO Data + RW Data)       1940 (   1.89kB)

==============================================================================

